rock:
- f65df1d34a8a0d13
- d2b5e25648866d79
- e8867ad225416a72
- 82141a4385f8c2c2
- 91c40bf78a18c2c5
funky:
- 82141a4385f8c2c2
- 495dfa5d930cb050
- 91c40bf78a18c2c5
- 6ce30a3874668de7
- 6ce30a3874668de7