,uid,title,url,duration,add_date,watched,path
0,6ce30a3874668de7,"""Fallen Kingdom"" - A Minecraft Parody of Coldplay's Viva la Vida (Music Video)",https://www.youtube.com/watch?v=I-sH53vXP2A,-999,'0',9,No Path
1,6c3b53d15740656a,Aot Ending 4 - Requiem der Morgenr√∂te - Linked Horizon,https://www.youtube.com/watch?v=KFETh_4GbcM,241,'45162.3096269444',1,library/Aot Ending 4  Requiem der Morgenrte  Linked Horizon.ogg
2,a2c978fb53238e56,Billy Joel - The River of Dreams (Official Video),https://www.youtube.com/watch?v=hSq4B_zHqPM,250,'45163.4141164005',0,No Path
3,f65df1d34a8a0d13,Black Sabbath ~ War Pigs,https://www.youtube.com/watch?v=LQUXuQ6Zd9w,-999,'0',0,No Path
4,91c40bf78a18c2c5,Bob Dylan - The Times They Are A-Changin' (Official Audio),https://www.youtube.com/watch?v=90WD_ats6eE,-999,'0',676,No Path
5,495dfa5d930cb050,Brazil - Geoff & Maria Muldaur,https://www.youtube.com/watch?v=9HtHEgINHO0,207,'45062.6102219444',1,No Path
6,79283e494fe167d0,Gym Class Heroes: Stereo Hearts ft. Adam Levine [OFFICIAL VIDEO],https://www.youtube.com/watch?v=T3E9Wjbq44E,-999,'0',4,No Path
7,d2b5e25648866d79,Nirvana - Come As You Are (Official Music Video),https://www.youtube.com/watch?v=vabnZ9-ex7o,224,'45161.6124406597',1,No Path
8,e8867ad225416a72,Ozzy Osbourne - Crazy Train (Official Animated Video),https://www.youtube.com/watch?v=tMDFv5m18Pw,-999,'0',0,No Path
